// Jest Snapshot v1, https://goo.gl/fbAQLP

exports[`SnapShot login Page renders correctly 1`] = `
<View
  style={
    Object {
      "alignItems": "center",
      "backgroundColor": "#FFF",
      "flex": 1,
      "justifyContent": "space-between",
    }
  }
>
  <View
    style={
      Object {
        "flex": 1,
        "justifyContent": "center",
        "width": "80%",
      }
    }
  >
    <Text
      testID="messageText"
    >
      WelCome
    </Text>
    <TextInput
      allowFontScaling={true}
      onChangeText={[Function]}
      placeholder="Email"
      rejectResponderTermination={true}
      testID="email"
      underlineColorAndroid="transparent"
      value=""
    />
    <TextInput
      allowFontScaling={true}
      maxLength={11}
      onChangeText={[Function]}
      placeholder="PASSWORD"
      rejectResponderTermination={true}
      underlineColorAndroid="transparent"
      value=""
    />
    <View
      accessibilityRole="button"
      accessibilityState={Object {}}
      accessible={true}
      focusable={true}
      onClick={[Function]}
      onResponderGrant={[Function]}
      onResponderMove={[Function]}
      onResponderRelease={[Function]}
      onResponderTerminate={[Function]}
      onResponderTerminationRequest={[Function]}
      onStartShouldSetResponder={[Function]}
      style={
        Object {
          "opacity": 1,
        }
      }
    >
      <View
        style={
          Array [
            Object {},
          ]
        }
      >
        <Text
          style={
            Array [
              Object {
                "color": "#007AFF",
                "fontSize": 18,
                "margin": 8,
                "textAlign": "center",
              },
            ]
          }
        >
          Submit
        </Text>
      </View>
    </View>
  </View>
</View>
`;
